{
  "components": {
    "schemas": {
      "test.io.smallrye.openapi.runtime.scanner.entities.IgnoreTestContainer": {
        "type": "object",
        "properties": {
          "parentNamePresent": {
            "type": "string"
          },
          "shouldBePresent": {
            "type": "string"
          }
        }
      }
    }
  }
}
